// Jest Snapshot v1, https://goo.gl/fbAQLP

exports[`store initialState 1`] = `
Object {
  "phoneword": Object {
    "error": false,
    "listOfWords": Array [],
    "showLoader": false,
  },
}
`;
